// Jest Snapshot v1, https://goo.gl/fbAQLP

exports[`Button component renders correctly and matches snapshot 1`] = `
<DocumentFragment>
  <button
    class="btn btn-primary"
  >
    Click Me
  </button>
</DocumentFragment>
`;
