// Jest Snapshot v1, https://goo.gl/fbAQLP

exports[`Ellipsis Component should render correctly and match snapshot 1`] = `
<DocumentFragment>
  <div
    class="line-clamp-3"
  >
    Lorem ipsum dolor sit amet, consectetur adipiscing elit.
  </div>
</DocumentFragment>
`;
