// Jest Snapshot v1, https://goo.gl/fbAQLP

exports[`Skeleton Component should render correctly and match snapshot 1`] = `
<DocumentFragment>
  <div
    class="flex flex-col gap-4"
  >
    <div
      class="flex gap-4 items-center"
    >
      <div
        class="skeleton w-16 h-16 rounded-full shrink-0"
      />
      <div
        class="flex flex-col gap-4"
      >
        <div
          class="skeleton h-4 w-20"
        />
        <div
          class="skeleton h-4 w-28"
        />
      </div>
    </div>
    <div
      class="skeleton h-32 w-full"
    />
  </div>
</DocumentFragment>
`;
