// Jest Snapshot v1, https://goo.gl/fbAQLP

exports[`UserDetails Component should render correctly and match snapshot 1`] = `
<DocumentFragment>
  <div
    class="bg-base-100"
  >
    <figure
      class="flex flex-col justify-center ml-6 p-2"
    >
      <div
        class="avatar"
      >
        <div
          class="w-24 rounded-full ring ring-primary ring-offset-base-100 ring-offset-2"
        >
          <img
            alt="John Doe' profile photo."
            src="avatar1.png"
          />
        </div>
      </div>
      <b
        class="mt-4 badge badge-primary bold"
      >
        @johndoe
      </b>
    </figure>
    <div
      class="card-body"
    >
      <div
        class="flex items-center"
      >
        <h2
          class="card-title text-2xl font-bold"
        >
          John Doe
        </h2>
        <div
          class="ml-3 badge badge-secondary"
        >
          user
        </div>
      </div>
      <p
        class="text-gray-700 mb-4"
      >
        A sample user
      </p>
      <div
        class="card-actions justify-end"
      >
        <p
          class="text-gray-500"
        >
          Starting Date: 12/31/2022
        </p>
        <p
          class="text-gray-500"
        >
          Email: johndoe@example.com
        </p>
      </div>
    </div>
  </div>
</DocumentFragment>
`;
